LOG 1 HELLO WORLD!
LOG 2 \N
LOG 3 GOODBYE!\N
